[rewebsotech.com/templates/domnoo/web/home.html]
[backblue.gif]
[fade.gif]
[index.html]
[rewebsotech.com/templates/domnoo/web/images/fav2.ico]
[rewebsotech.com/templates/domnoo/web/images/loader.gif]
[rewebsotech.com/templates/domnoo/web/images/logo.png]
[rewebsotech.com/templates/domnoo/web/home2.html]
[rewebsotech.com/templates/domnoo/web/menu.html]
[rewebsotech.com/templates/domnoo/web/about_us.html]
[rewebsotech.com/templates/domnoo/web/blog.html]
[rewebsotech.com/templates/domnoo/web/blog_left.html]
[rewebsotech.com/templates/domnoo/web/menu2.html]
[rewebsotech.com/templates/domnoo/web/blog_right.html]
[rewebsotech.com/templates/domnoo/web/blog_single.html]
[rewebsotech.com/templates/domnoo/web/product_single.html]
[rewebsotech.com/templates/domnoo/web/shopping_cart.html]
[rewebsotech.com/templates/domnoo/web/images/slider-bg1.jpg]
[rewebsotech.com/templates/domnoo/web/images/pizza.png]
[rewebsotech.com/templates/domnoo/web/images/pz.png]
[rewebsotech.com/templates/domnoo/web/images/sldr.png]
[rewebsotech.com/templates/domnoo/web/images/btm-style.png]
[rewebsotech.com/templates/domnoo/web/images/img.png]
[rewebsotech.com/templates/domnoo/web/images/img1.png]
[rewebsotech.com/templates/domnoo/web/images/img2.png]
[rewebsotech.com/templates/domnoo/web/images/img3.png]
[rewebsotech.com/templates/domnoo/web/images/img4.png]
[rewebsotech.com/templates/domnoo/web/images/img5.png]
[rewebsotech.com/templates/domnoo/web/images/img6.jpg]
[rewebsotech.com/templates/domnoo/web/images/img6.png]
[rewebsotech.com/templates/domnoo/web/images/img7.png]
[rewebsotech.com/templates/domnoo/web/images/img8.png]
[rewebsotech.com/templates/domnoo/web/images/img9.jpg]
[rewebsotech.com/templates/domnoo/web/images/img9.png]
[rewebsotech.com/templates/domnoo/web/images/bg1.png]
[rewebsotech.com/templates/domnoo/web/images/pz1.png]
[rewebsotech.com/templates/domnoo/web/images/boy.jpg]
[rewebsotech.com/templates/domnoo/web/images/girl.jpg]
[rewebsotech.com/templates/domnoo/web/images/girl1.jpg]
[rewebsotech.com/templates/domnoo/web/images/girl2.jpg]
[rewebsotech.com/templates/domnoo/web/images/crt1.png]
[rewebsotech.com/templates/domnoo/web/images/crt2.png]
[rewebsotech.com/templates/domnoo/web/images/crt3.png]
[rewebsotech.com/templates/domnoo/web/images/crt4.png]
[rewebsotech.com/templates/domnoo/web/images/Layer-12.jpg]
[rewebsotech.com/templates/domnoo/web/images/Layer-13.jpg]
[rewebsotech.com/templates/domnoo/web/images/Layer-14.jpg]
[rewebsotech.com/templates/domnoo/web/images/Layer-15.jpg]
[rewebsotech.com/templates/domnoo/web/images/Layer-16.png]
[rewebsotech.com/templates/domnoo/web/images/Layer-17.jpg]
[rewebsotech.com/templates/domnoo/web/images/Layer-18.jpg]
[rewebsotech.com/templates/domnoo/web/images/Layer-19.jpg]
[rewebsotech.com/templates/domnoo/web/js/jquery.min.js]
[rewebsotech.com/templates/domnoo/web/js/bootstrap.min.js]
[rewebsotech.com/templates/domnoo/web/js/owl.carousel.min.js]
[rewebsotech.com/templates/domnoo/web/js/slick.js]
[rewebsotech.com/templates/domnoo/web/js/dscountdown.min.js]
[rewebsotech.com/templates/domnoo/web/js/jquery.nice-select.js]
[rewebsotech.com/templates/domnoo/web/js/jquery.magnific-popup.min.js]
[rewebsotech.com/templates/domnoo/web/js/mixitup.min.js]
[rewebsotech.com/templates/domnoo/web/js/map.js]
[rewebsotech.com/templates/domnoo/web/js/custom.js]
[rewebsotech.com/templates/domnoo/web/home.html]
[rewebsotech.com/templates/domnoo/web/fonts/glyphicons-halflings-regular.40.delayed]
[rewebsotech.com/templates/domnoo/web/fonts/glyphicons-halflings-regular.41d41d.delayed]
[rewebsotech.com/templates/domnoo/web/fonts/glyphicons-halflings-regular.42.delayed]
[rewebsotech.com/templates/domnoo/web/fonts/glyphicons-halflings-regular.43.delayed]
[rewebsotech.com/templates/domnoo/web/fonts/glyphicons-halflings-regular.44.delayed]
[rewebsotech.com/templates/domnoo/web/fonts/glyphicons-halflings-regular.45.delayed]
[rewebsotech.com/templates/domnoo/web/css/bootstrap.min.css]
[rewebsotech.com/templates/domnoo/web/images/brd.png]
[rewebsotech.com/templates/domnoo/web/images/brd2.png]
[rewebsotech.com/templates/domnoo/web/images/bg.png]
[rewebsotech.com/templates/domnoo/images/bg.jpg]
[rewebsotech.com/templates/domnoo/images/ui.png]
[rewebsotech.com/templates/domnoo/web/css/style.css]
[rewebsotech.com/templates/domnoo/web/css/colors.css]
[rewebsotech.com/templates/domnoo/web/css/responsive.css]
[rewebsotech.com/templates/domnoo/web/images/logo2.png]
[rewebsotech.com/templates/domnoo/web/videos/vid1.mp4]
[rewebsotech.com/templates/domnoo/web/images/slider-png1.png]
[rewebsotech.com/templates/domnoo/web/images/p-img1.png]
[rewebsotech.com/templates/domnoo/web/images/p-img2.png]
[rewebsotech.com/templates/domnoo/web/images/p-img3.png]
[rewebsotech.com/templates/domnoo/web/images/p-img4.png]
[rewebsotech.com/templates/domnoo/web/images/p-img5.png]
[rewebsotech.com/templates/domnoo/web/images/p-img6.png]
[rewebsotech.com/templates/domnoo/web/images/p-img7.png]
[rewebsotech.com/templates/domnoo/web/images/p-img8.png]
[rewebsotech.com/templates/domnoo/web/images/bgr1.png]
[rewebsotech.com/templates/domnoo/web/images/bgr2.png]
[rewebsotech.com/templates/domnoo/web/images/ckn.png]
[rewebsotech.com/templates/domnoo/web/images/sld.png]
[rewebsotech.com/templates/domnoo/web/images/fries.png]
[rewebsotech.com/templates/domnoo/web/images/bg2.jpg]
[rewebsotech.com/templates/domnoo/web/images/product1.png]
[rewebsotech.com/templates/domnoo/web/images/clr2/btm-style.png]
[rewebsotech.com/templates/domnoo/web/images/bg3.jpg]
[rewebsotech.com/templates/domnoo/web/images/p-img9.png]
[rewebsotech.com/templates/domnoo/web/images/bg4.jpg]
[rewebsotech.com/templates/domnoo/web/images/p-img10.png]
[rewebsotech.com/templates/domnoo/web/images/bg5.jpg]
[rewebsotech.com/templates/domnoo/web/images/p-img11.png]
[rewebsotech.com/templates/domnoo/web/images/blog1.jpg]
[rewebsotech.com/templates/domnoo/web/images/blog2.jpg]
[rewebsotech.com/templates/domnoo/web/images/blog3.jpg]
[rewebsotech.com/templates/domnoo/web/images/bg6.jpg]
[rewebsotech.com/templates/domnoo/web/images/gt-logo2.png]
[rewebsotech.com/templates/domnoo/web/images/gt-logo_2.png]
[rewebsotech.com/templates/domnoo/web/images/footer-bg.jpg]
[rewebsotech.com/templates/domnoo/web/home2.html]
[rewebsotech.com/templates/domnoo/web/images/info-bg.jpg]
[rewebsotech.com/templates/domnoo/web/images/ptrn1.jpg]
[rewebsotech.com/templates/domnoo/web/images/drinks.png]
[rewebsotech.com/templates/domnoo/web/images/taco.png]
[rewebsotech.com/templates/domnoo/web/images/img12.png]
[rewebsotech.com/templates/domnoo/web/images/img13.png]
[rewebsotech.com/templates/domnoo/web/images/img14.png]
[rewebsotech.com/templates/domnoo/web/images/img15.png]
[rewebsotech.com/templates/domnoo/web/images/img16.png]
[rewebsotech.com/templates/domnoo/web/images/img17.png]
[rewebsotech.com/templates/domnoo/web/images/img10.png]
[rewebsotech.com/templates/domnoo/web/images/p-img14.png]
[rewebsotech.com/templates/domnoo/web/images/p-img15.png]
[rewebsotech.com/templates/domnoo/web/images/p-img16.png]
[rewebsotech.com/templates/domnoo/web/images/p-img17.png]
[rewebsotech.com/templates/domnoo/web/images/bg7.jpg]
[rewebsotech.com/templates/domnoo/web/images/p-img12.png]
[rewebsotech.com/templates/domnoo/web/images/p-img13.png]
[rewebsotech.com/templates/domnoo/web/images/p-img18.png]
[rewebsotech.com/templates/domnoo/web/images/p-img19.png]
[rewebsotech.com/templates/domnoo/web/images/p-img20.png]
[rewebsotech.com/templates/domnoo/web/menu.html]
[rewebsotech.com/templates/domnoo/web/menu2.html]
[rewebsotech.com/templates/domnoo/web/images/img12.jpg]
[rewebsotech.com/templates/domnoo/web/images/bg8.jpg]
[rewebsotech.com/templates/domnoo/web/images/bg9.jpg]
[rewebsotech.com/templates/domnoo/web/images/img14.jpg]
[rewebsotech.com/templates/domnoo/web/images/img15.jpg]
[rewebsotech.com/templates/domnoo/web/images/img16.jpg]
[rewebsotech.com/templates/domnoo/web/images/img17.jpg]
[rewebsotech.com/templates/domnoo/web/images/img18.jpg]
[rewebsotech.com/templates/domnoo/web/images/img19.jpg]
[rewebsotech.com/templates/domnoo/web/images/img20.jpg]
[rewebsotech.com/templates/domnoo/web/images/img21.jpg]
[rewebsotech.com/templates/domnoo/web/images/img22.jpg]
[rewebsotech.com/templates/domnoo/web/images/img23.jpg]
[rewebsotech.com/templates/domnoo/web/images/img24.jpg]
[rewebsotech.com/templates/domnoo/web/images/img25.jpg]
[rewebsotech.com/templates/domnoo/web/images/bg10.jpg]
[rewebsotech.com/templates/domnoo/web/images/img26.jpg]
[rewebsotech.com/templates/domnoo/web/images/img27.jpg]
[rewebsotech.com/templates/domnoo/web/images/big-img1.jpg]
[rewebsotech.com/templates/domnoo/web/images/img28.jpg]
[rewebsotech.com/templates/domnoo/web/images/big-img2.jpg]
[rewebsotech.com/templates/domnoo/web/images/img29.jpg]
[rewebsotech.com/templates/domnoo/web/images/big-img3.jpg]
[rewebsotech.com/templates/domnoo/web/images/img30.jpg]
[rewebsotech.com/templates/domnoo/web/images/big-img4.jpg]
[rewebsotech.com/templates/domnoo/web/images/img31.jpg]
[rewebsotech.com/templates/domnoo/web/images/big-img5.jpg]
[rewebsotech.com/templates/domnoo/web/images/img32.jpg]
[rewebsotech.com/templates/domnoo/web/images/big-img6.jpg]
[rewebsotech.com/templates/domnoo/web/images/gt-logo1.png]
[rewebsotech.com/templates/domnoo/web/images/gt-logo_1.png]
[rewebsotech.com/templates/domnoo/web/about_us.html]
[rewebsotech.com/templates/domnoo/web/images/habit2.jpg]
[rewebsotech.com/templates/domnoo/web/images/last-grl.jpg]
[rewebsotech.com/templates/domnoo/web/images/shutter.jpg]
[rewebsotech.com/templates/domnoo/web/images/girl-blog.jpg]
[rewebsotech.com/templates/domnoo/web/blog.html]
[rewebsotech.com/templates/domnoo/web/images/about.jpg]
[rewebsotech.com/templates/domnoo/web/images/pizzaaa.jpg]
[rewebsotech.com/templates/domnoo/web/blog_left.html]
[rewebsotech.com/templates/domnoo/web/blog_right.html]
[rewebsotech.com/templates/domnoo/web/images/profile-pic.png]
[rewebsotech.com/templates/domnoo/web/images/profile-pic1.png]
[rewebsotech.com/templates/domnoo/web/images/profile-pic11.png]
[rewebsotech.com/templates/domnoo/web/blog_single.html]
[rewebsotech.com/templates/domnoo/web/images/img11.png]
[rewebsotech.com/templates/domnoo/web/images/r_img1.png]
[rewebsotech.com/templates/domnoo/web/images/r_img2.png]
[rewebsotech.com/templates/domnoo/web/images/r_img3.png]
[rewebsotech.com/templates/domnoo/web/product_single.html]
[rewebsotech.com/templates/domnoo/web/images/p-img21.png]
[rewebsotech.com/templates/domnoo/web/images/p-img22.png]
[rewebsotech.com/templates/domnoo/web/images/p-img23.png]
[rewebsotech.com/templates/domnoo/web/images/p-img24.png]
[rewebsotech.com/templates/domnoo/web/images/p-img25.png]
[rewebsotech.com/templates/domnoo/web/shopping_cart.html]
[rewebsotech.com/templates/domnoo/web/fonts/glyphicons-halflings-regular.html]
[rewebsotech.com/templates/domnoo/web/fonts/glyphicons-halflings-regulard41d.html]
[rewebsotech.com/templates/domnoo/web/fonts/glyphicons-halflings-regular-2.html]
[rewebsotech.com/templates/domnoo/web/fonts/glyphicons-halflings-regular-3.html]
[rewebsotech.com/templates/domnoo/web/fonts/glyphicons-halflings-regular-4.html]
[rewebsotech.com/templates/domnoo/web/fonts/glyphicons-halflings-regular-5.html]
[rewebsotech.com/templates/domnoo/web/fonts/Flaticon.eot]
[rewebsotech.com/templates/domnoo/web/css/..fonts/Flaticon.bdd41d.delayed]
[rewebsotech.com/templates/domnoo/web/fonts/Flaticon.woff]
[rewebsotech.com/templates/domnoo/web/css/..fonts/Flaticon.bf.delayed]
[rewebsotech.com/templates/domnoo/web/css/flaticon.css]
[rewebsotech.com/templates/domnoo/web/css/magnific-popup.css]
[rewebsotech.com/templates/domnoo/web/css/animate.min.css]
[rewebsotech.com/templates/domnoo/web/css/slick.css]
[rewebsotech.com/templates/domnoo/web/images/ajax-loader.gif]
[rewebsotech.com/templates/domnoo/web/fonts/slick.eot]
[rewebsotech.com/templates/domnoo/web/fonts/slick.woff]
[rewebsotech.com/templates/domnoo/web/fonts/slick.ttf]
[rewebsotech.com/templates/domnoo/web/fonts/slickd41d.eot]
[rewebsotech.com/templates/domnoo/web/css/slick-theme.css]
[rewebsotech.com/templates/domnoo/web/css/owl.video.play.c6.delayed]
[rewebsotech.com/templates/domnoo/web/css/owl.carousel.min.css]
[rewebsotech.com/templates/domnoo/web/css/owl.theme.default.css]
[rewebsotech.com/templates/domnoo/web/css/nice-select.css]
[rewebsotech.com/templates/domnoo/web/css/dscountdown.css]
[rewebsotech.com/templates/domnoo/web/font-awesome/webfonts/fa-brands-400.eot]
[rewebsotech.com/templates/domnoo/web/font-awesome/webfonts/fa-brands-400.woff2]
[rewebsotech.com/templates/domnoo/web/font-awesome/webfonts/fa-brands-400d41d.eot]
[rewebsotech.com/templates/domnoo/web/font-awesome/webfonts/fa-brands-400.woff]
[rewebsotech.com/templates/domnoo/web/font-awesome/webfonts/fa-brands-400.ttf]
[rewebsotech.com/templates/domnoo/web/font-awesome/webfonts/fa-regular-400.eot]
[rewebsotech.com/templates/domnoo/web/font-awesome/webfonts/fa-regular-400.woff2]
[rewebsotech.com/templates/domnoo/web/font-awesome/webfonts/fa-regular-400.woff]
[rewebsotech.com/templates/domnoo/web/font-awesome/webfonts/fa-regular-400d41d.eot]
[rewebsotech.com/templates/domnoo/web/font-awesome/webfonts/fa-regular-400.ttf]
[rewebsotech.com/templates/domnoo/web/font-awesome/webfonts/fa-solid-900.eot]
[rewebsotech.com/templates/domnoo/web/font-awesome/webfonts/fa-solid-900.woff2]
[rewebsotech.com/templates/domnoo/web/font-awesome/webfonts/fa-solid-900.woff]
[rewebsotech.com/templates/domnoo/web/font-awesome/webfonts/fa-solid-900d41d.eot]
[rewebsotech.com/templates/domnoo/web/font-awesome/webfonts/fa-solid-900.ttf]
[rewebsotech.com/templates/domnoo/web/font-awesome/css/fontawesome-all.min.css]
[rewebsotech.com/templates/domnoo/web/images/brd_2.png]
[rewebsotech.com/templates/domnoo/web/images/brd2_2.png]
[rewebsotech.com/templates/domnoo/web/css/colors2.css]
[rewebsotech.com/templates/domnoo/web/css/..fonts/Flaticond41d.html]
[rewebsotech.com/templates/domnoo/web/css/..fonts/Flaticon.html]
[rewebsotech.com/templates/domnoo/web/fonts/Flaticon.svg]
[rewebsotech.com/templates/domnoo/web/fonts/slick.svg]
[rewebsotech.com/templates/domnoo/web/css/owl.video.play.html]
[rewebsotech.com/templates/domnoo/web/font-awesome/webfonts/fa-brands-400.svg]
[rewebsotech.com/templates/domnoo/web/font-awesome/webfonts/fa-regular-400.svg]
[rewebsotech.com/templates/domnoo/web/font-awesome/webfonts/fa-solid-900.svg]
[rewebsotech.com/templates/domnoo/web/contact.html]
